// Jest Snapshot v1, https://goo.gl/fbAQLP

exports[`New parcel form renders correctly 1`] = `
<form
  className="text-right"
  id="changeDestination"
  onSubmit={[Function]}
>
  <div
    className="form-row"
  >
    <input
      id="destination"
      name="destination"
      onChange={[Function]}
      required={true}
      type="text"
      value=""
    />
  </div>
  <button
    className="btn xsm is-outlined white"
    type="submit"
  >
    Save
  </button>
</form>
`;
