// Jest Snapshot v1, https://goo.gl/fbAQLP

exports[`All users component renders correctly 1`] = `
<main>
  <aside
    className=""
  >
    <div
      className="bg-blue"
      id="menu"
    >
      <div
        id="aside-profile"
      >
        <a
          href="/dashboard"
          onClick={[Function]}
        >
          <h3
            className="m-0 pb-10"
          >
            Send
            <span
              className="head-span"
            >
              IT
            </span>
          </h3>
        </a>
        <small
          className="d-block pb-10 white-3"
          id="user-id"
        >
          SD0
        </small>
        <small>
          <p
            className="m-0"
          >
            Welcome 
          </p>
          <p
            id="username"
          >
             
          </p>
        </small>
      </div>
      <ul
        className="mt-80"
      >
        <li>
          <img
            className="menu-ico"
            src="test-file-stub"
          />
          <a
            href="/dashboard"
            onClick={[Function]}
          >
            <span>
              Dashboard
            </span>
          </a>
        </li>
        <li>
          <img
            className="menu-ico"
            src="test-file-stub"
          />
          <a
            href="/delivered_parcels"
            onClick={[Function]}
          >
            <span>
              Delivered Parcels
            </span>
          </a>
        </li>
        <li>
          <img
            className="menu-ico"
            src="test-file-stub"
          />
          <a
            href="/inTransit_parcels"
            onClick={[Function]}
          >
            <span>
              In-transit Parcels
            </span>
          </a>
        </li>
      </ul>
    </div>
  </aside>
  <section
    className="grey"
    id="dash"
  >
    <nav
      id="nav"
    >
      <a
        className="toggler mr-1"
        href="#"
        id="toggle"
        onClick={[Function]}
      >
        <img
          src="test-file-stub"
        />
      </a>
      <ul
        className="p-0"
      >
        <li>
          Dashboard
        </li>
      </ul>
      <ul
        className="p-0 ml-auto"
      >
        <li
          className="mr-1"
        >
          <a
            href="/profile"
            onClick={[Function]}
          >
            My Profile
          </a>
        </li>
        <li>
          <a
            href="/"
            onClick={[Function]}
          >
            Logout
          </a>
        </li>
      </ul>
    </nav>
    <div
      id="main-content-page"
      style={
        Object {
          "marginTop": "60px",
        }
      }
    >
      <div
        className="d-flex"
        id="user-cont"
      >
        <div
          id="user-desc"
        >
          <img
            id="user-img"
            src="test-file-stub"
          />
          <div
            className="text-center"
          >
            <h2
              id="id"
            >
              SDO
            </h2>
            <span
              className="d-block mb-14"
              id="profile-name"
            >
              <h4
                className="d-inline"
                id="firstName"
              />
              <h4
                className="d-inline"
                id="lastName"
              />
            </span>
            <small
              id="email"
            >
              cim@gmail.com
            </small>
            <h5
              id="registered"
            >
              Registered On 
              22-03-2019
            </h5>
          </div>
        </div>
        <div
          className="text-center"
          id="user-info"
        >
          <h1
            className="mb-6"
          >
            My Parcels
          </h1>
          <div
            className="d-flex content-between mb-6"
          >
            <div>
              <small>
                Created
              </small>
              <h4
                id="created"
              >
                0
              </h4>
            </div>
            <div>
              <small>
                Delivered
              </small>
              <h4
                className="green"
                id="delivered"
              >
                0
              </h4>
            </div>
            <div>
              <small>
                In-transit
              </small>
              <h4
                className="blue"
                id="in-transit"
              >
                0
              </h4>
            </div>
            <div>
              <small>
                Cancelled
              </small>
              <h4
                className="red"
                id="canceled"
              >
                0
              </h4>
            </div>
          </div>
        </div>
      </div>
    </div>
  </section>
</main>
`;
